// Jest Snapshot v1, https://goo.gl/fbAQLP

exports[`Loader should render 1`] = `
<body>
  <div>
    <div
      class="loader"
    >
      <div
        class="loader-square square-1"
      />
      <div
        class="loader-square square-2"
      />
      <div
        class="loader-square square-3"
      />
    </div>
  </div>
</body>
`;
