// Jest Snapshot v1, https://goo.gl/fbAQLP

exports[`Navigation should render 1`] = `
<body>
  <div>
    <nav
      class="nav"
    >
      <div
        class="nav-menu"
        data-testid="nav-menu"
      >
        <ul
          class="nav-list"
        >
          <li
            class="nav-item"
          >
            <a
              class="nav-link"
              href="#about"
            >
              <div
                class="number"
              >
                01
              </div>
              <div
                class="dash"
              />
              <span>
                About
              </span>
            </a>
          </li>
          <li
            class="nav-item"
          >
            <a
              class="nav-link"
              href="#skills"
            >
              <div
                class="number"
              >
                02
              </div>
              <div
                class="dash"
              />
              <span>
                Skills
              </span>
            </a>
          </li>
          <li
            class="nav-item"
          >
            <a
              class="nav-link"
              href="#faq"
            >
              <div
                class="number"
              >
                03
              </div>
              <div
                class="dash"
              />
              <span>
                FAQ
              </span>
            </a>
          </li>
          <li
            class="nav-item"
          >
            <a
              class="nav-link"
              href="#contact"
            >
              <div
                class="number"
              >
                04
              </div>
              <div
                class="dash"
              />
              <span>
                Contact
              </span>
            </a>
          </li>
        </ul>
      </div>
      <div
        class="nav-toggle "
        data-testid="nav-toggle"
      >
        <div
          class="nav-toggle-dash"
        />
      </div>
    </nav>
  </div>
</body>
`;
